#-----------------------------------------------------------
# Vivado v2018.3 (64-bit)
# SW Build 2405991 on Thu Dec  6 23:38:27 MST 2018
# IP Build 2404404 on Fri Dec  7 01:43:56 MST 2018
# Start of session at: Mon Jan  5 21:41:08 2026
# Process ID: 31792
# Current directory: E:/Code/CPU_Design/MIPS_CPU/project
# Command line: vivado.exe -mode batch -source run.tcl
# Log file: E:/Code/CPU_Design/MIPS_CPU/project/vivado.log
# Journal file: E:/Code/CPU_Design/MIPS_CPU/project\vivado.jou
#-----------------------------------------------------------
source run.tcl
# open_project "E:\\Code\\CPU_Design\\MIPS_CPU\\project\\project.xpr"
CRITICAL WARNING: [Project 1-19] Could not find the file 'E:/Code/CPU_Design/MIPS_CPU/code/mips_tb.v'.
Scanning sources...
Finished scanning sources
# launch_simulation -simset sim_1
INFO: [Vivado 12-5682] Launching behavioral simulation in 'E:/Code/CPU_Design/MIPS_CPU/project/project.sim/sim_1/behav/xsim'
INFO: [SIM-utils-51] Simulation object is 'sim_1'
INFO: [SIM-utils-54] Inspecting design source files for 'mips_tb' in fileset 'sim_1'...
INFO: [USF-XSim-97] Finding global include files...
INFO: [USF-XSim-98] Fetching design files from 'sim_1'...
INFO: [USF-XSim-2] XSim::Compile design
INFO: [USF-XSim-61] Executing 'COMPILE and ANALYZE' step in 'E:/Code/CPU_Design/MIPS_CPU/project/project.sim/sim_1/behav/xsim'
"xvlog --incr --relax -prj mips_tb_vlog.prj"
INFO: [VRFC 10-2263] Analyzing Verilog file "E:/Code/CPU_Design/MIPS_CPU/project/project.srcs/sources_1/imports/src/ALU.v" into library xil_defaultlib
INFO: [VRFC 10-311] analyzing module ALU
INFO: [VRFC 10-2263] Analyzing Verilog file "E:/Code/CPU_Design/MIPS_CPU/project/project.srcs/sources_1/imports/src/BECtrl.v" into library xil_defaultlib
INFO: [VRFC 10-311] analyzing module BECtrl
INFO: [VRFC 10-2263] Analyzing Verilog file "E:/Code/CPU_Design/MIPS_CPU/project/project.srcs/sources_1/imports/src/Comp.v" into library xil_defaultlib
INFO: [VRFC 10-311] analyzing module Comp
INFO: [VRFC 10-2263] Analyzing Verilog file "E:/Code/CPU_Design/MIPS_CPU/project/project.srcs/sources_1/imports/src/Ctrl.v" into library xil_defaultlib
INFO: [VRFC 10-311] analyzing module Ctrl
INFO: [VRFC 10-2263] Analyzing Verilog file "E:/Code/CPU_Design/MIPS_CPU/project/project.srcs/sources_1/imports/src/DM.v" into library xil_defaultlib
INFO: [VRFC 10-311] analyzing module DM_4k
INFO: [VRFC 10-2263] Analyzing Verilog file "E:/Code/CPU_Design/MIPS_CPU/project/project.srcs/sources_1/imports/src/DMExt.v" into library xil_defaultlib
INFO: [VRFC 10-311] analyzing module DMExt
INFO: [VRFC 10-2263] Analyzing Verilog file "E:/Code/CPU_Design/MIPS_CPU/project/project.srcs/sources_1/imports/src/Ext.v" into library xil_defaultlib
INFO: [VRFC 10-311] analyzing module Ext
INFO: [VRFC 10-2263] Analyzing Verilog file "E:/Code/CPU_Design/MIPS_CPU/project/project.srcs/sources_1/imports/src/Hazard.v" into library xil_defaultlib
INFO: [VRFC 10-311] analyzing module Hazard
INFO: [VRFC 10-2263] Analyzing Verilog file "E:/Code/CPU_Design/MIPS_CPU/project/project.srcs/sources_1/imports/src/IM.v" into library xil_defaultlib
INFO: [VRFC 10-311] analyzing module IM_2k
INFO: [VRFC 10-2263] Analyzing Verilog file "E:/Code/CPU_Design/MIPS_CPU/project/project.srcs/sources_1/imports/src/MUX.v" into library xil_defaultlib
INFO: [VRFC 10-311] analyzing module MUX2
INFO: [VRFC 10-311] analyzing module MUX3
INFO: [VRFC 10-311] analyzing module MUX4
INFO: [VRFC 10-2263] Analyzing Verilog file "E:/Code/CPU_Design/MIPS_CPU/project/project.srcs/sources_1/imports/src/NPC.v" into library xil_defaultlib
INFO: [VRFC 10-311] analyzing module NPC
INFO: [VRFC 10-2263] Analyzing Verilog file "E:/Code/CPU_Design/MIPS_CPU/project/project.srcs/sources_1/imports/src/PC.v" into library xil_defaultlib
INFO: [VRFC 10-311] analyzing module PC
INFO: [VRFC 10-2263] Analyzing Verilog file "E:/Code/CPU_Design/MIPS_CPU/project/project.srcs/sources_1/imports/src/RegD.v" into library xil_defaultlib
INFO: [VRFC 10-311] analyzing module RegD
INFO: [VRFC 10-2263] Analyzing Verilog file "E:/Code/CPU_Design/MIPS_CPU/project/project.srcs/sources_1/imports/src/RegE.v" into library xil_defaultlib
INFO: [VRFC 10-311] analyzing module RegE
INFO: [VRFC 10-2263] Analyzing Verilog file "E:/Code/CPU_Design/MIPS_CPU/project/project.srcs/sources_1/imports/src/RegFile.v" into library xil_defaultlib
INFO: [VRFC 10-311] analyzing module RegFile
INFO: [VRFC 10-2263] Analyzing Verilog file "E:/Code/CPU_Design/MIPS_CPU/project/project.srcs/sources_1/imports/src/RegM.v" into library xil_defaultlib
INFO: [VRFC 10-311] analyzing module RegM
INFO: [VRFC 10-2263] Analyzing Verilog file "E:/Code/CPU_Design/MIPS_CPU/project/project.srcs/sources_1/imports/src/RegW.v" into library xil_defaultlib
INFO: [VRFC 10-311] analyzing module RegW
INFO: [VRFC 10-2263] Analyzing Verilog file "E:/Code/CPU_Design/MIPS_CPU/project/project.srcs/sources_1/imports/src/StartCtrl.v" into library xil_defaultlib
INFO: [VRFC 10-311] analyzing module StartCtrl
INFO: [VRFC 10-2263] Analyzing Verilog file "E:/Code/CPU_Design/MIPS_CPU/project/project.srcs/sources_1/imports/src/TopLevel.v" into library xil_defaultlib
INFO: [VRFC 10-311] analyzing module TopLevel
INFO: [USF-XSim-69] 'compile' step finished in '1' seconds
INFO: [USF-XSim-3] XSim::Elaborate design
INFO: [USF-XSim-61] Executing 'ELABORATE' step in 'E:/Code/CPU_Design/MIPS_CPU/project/project.sim/sim_1/behav/xsim'
Vivado Simulator 2018.3
Copyright 1986-1999, 2001-2018 Xilinx, Inc. All Rights Reserved.
Running: D:/Xilinx/Vivado/2018.3/bin/unwrapped/win64.o/xelab.exe -wto 29aaf6531a6e4508a791c14cd618db78 --incr --debug typical --relax --mt 2 -L xil_defaultlib -L unisims_ver -L unimacro_ver -L secureip --snapshot mips_tb_behav xil_defaultlib.mips_tb xil_defaultlib.glbl -log elaborate.log 
Using 2 slave threads.
Starting static elaboration
Completed static elaboration
Starting simulation data flow analysis
Completed simulation data flow analysis
Time Resolution for simulation is 1us
Compiling package xil_defaultlib.$unit_MIPS_sv
Compiling module xil_defaultlib.Hazard
Compiling module xil_defaultlib.PC
Compiling module xil_defaultlib.IM_2k
Compiling module xil_defaultlib.RegD
Compiling module xil_defaultlib.Ctrl
Compiling module xil_defaultlib.RegFile
Compiling module xil_defaultlib.MUX4
Compiling module xil_defaultlib.Comp
Compiling module xil_defaultlib.Ext
Compiling module xil_defaultlib.NPC
Compiling module xil_defaultlib.StartCtrl
Compiling module xil_defaultlib.RegE
Compiling module xil_defaultlib.MUX3
Compiling module xil_defaultlib.MUX2
Compiling module xil_defaultlib.ALU
Compiling module xil_defaultlib.MultiplicationDivisionUnit
Compiling module xil_defaultlib.MUX2(WIDTH=5)
Compiling module xil_defaultlib.RegM
Compiling module xil_defaultlib.BECtrl
Compiling module xil_defaultlib.DM_4k
Compiling module xil_defaultlib.RegW
Compiling module xil_defaultlib.DMExt
Compiling module xil_defaultlib.MIPS
Compiling module xil_defaultlib.TopLevel
Compiling module xil_defaultlib.mips_tb
Compiling module xil_defaultlib.glbl
Built simulation snapshot mips_tb_behav
INFO: [USF-XSim-69] 'elaborate' step finished in '2' seconds
INFO: [USF-XSim-4] XSim::Simulate design
INFO: [USF-XSim-61] Executing 'SIMULATE' step in 'E:/Code/CPU_Design/MIPS_CPU/project/project.sim/sim_1/behav/xsim'
INFO: [USF-XSim-98] *** Running xsim
   with args "mips_tb_behav -key {Behavioral:sim_1:Functional:mips_tb} -tclbatch {mips_tb.tcl} -log {simulate.log}"
INFO: [USF-XSim-8] Loading simulator feature
Vivado Simulator 2018.3
Time resolution is 1 us
source mips_tb.tcl
## current_wave_config
WARNING: Too many words specified in data file code.txt
INFO: [USF-XSim-96] XSim completed. Design snapshot 'mips_tb_behav' loaded.
INFO: [USF-XSim-97] XSim simulation ran for 1000ns
launch_simulation: Time (s): cpu = 00:00:00 ; elapsed = 00:00:06 . Memory (MB): peak = 335.602 ; gain = 15.039
# run all
@00003000: $31 <= 00003000
@00003004: $ 0 <= 18cf0000
@00003008: $ 0 <= 0000c660
@0000300c: $ 1 <= 81b90000
@00003010: $ 1 <= 81b9768d
@00003014: $ 2 <= 19e80000
@00003018: $ 2 <= 19e88a59
@0000301c: $ 3 <= 70de0000
@00003020: $ 3 <= 70de2a4d
@00003024: $ 4 <= d3a60000
@00003028: $ 4 <= d3a643cf
@0000302c: $ 5 <= 63ea0000
@00003030: $ 5 <= 63ea34a3
@00003034: $ 6 <= b3960000
@00003038: $ 6 <= b3968677
@0000303c: $ 7 <= 12460000
@00003040: $ 7 <= 12461f59
@00003044: $ 8 <= 610d0000
@00003048: $ 8 <= 610da363
@0000304c: $ 9 <= 662d0000
@00003050: $ 9 <= 662d0b15
@00003054: $10 <= 059b0000
@00003058: $10 <= 059ba086
@0000305c: $11 <= 5ec30000
@00003060: $11 <= 5ec3b59d
@00003064: $12 <= b4850000
@00003068: $12 <= b485bb2e
@0000306c: $13 <= 6a760000
@00003070: $13 <= 6a76f996
@00003074: $14 <= bb410000
@00003078: $14 <= bb418545
@0000307c: $15 <= c7be0000
@00003080: $15 <= c7beed2c
@00003084: $16 <= 58630000
@00003088: $16 <= 5863f3b9
@0000308c: $17 <= a4b20000
@00003090: $17 <= a4b2fb6b
@00003094: $18 <= b6b30000
@00003098: $18 <= b6b3a2ac
@0000309c: $19 <= 279c0000
@000030a0: $19 <= 279cc7fa
@000030a4: *00000000 <= 5863f3b9
@000030a8: *00000004 <= 059ba086
@000030ac: *00000008 <= 059ba086
@000030b0: *00000004 <= 059ba086
@000030b4: $11 <= 662d36f7
@000030b8: $ 2 <= 00000000
@000030bc: *00000008 <= 059b36f7
@000030c0: $12 <= 00000016
@000030c8: $17 <= 00000000
@000030cc: $ 9 <= 00000001
@000030d0: $ 1 <= 00000036
@000030d4: $ 0 <= 00cc5a6d
@000030d8: $16 <= 00000001
@000030dc: $ 7 <= 00000036
@000030e0: $ 7 <= 00000001
@000030e4: $ 5 <= d3a643cf
@000030e8: $ 7 <= 00000000
@000030ec: $ 4 <= fffff3b9
@000030f0: $11 <= 00000003
@000030f4: *00000004 <= 019ba086
@000030f8: $18 <= 00000000
@000030fc: $10 <= 000000b9
@00003100: $10 <= 0000d516
@00003104: $ 2 <= ffffa74c
@00003108: $ 3 <= 00000001
@0000310c: $ 7 <= 00000001
@00003110: $13 <= 000010bf
@00003118: $ 0 <= ffffffca
@0000311c: $14 <= 00000000
@00003120: $ 5 <= ffffd016
@00003124: $16 <= 00000000
@00003128: $14 <= 00000000
@0000312c: $ 1 <= 00000000
@00003130: $16 <= 019ba086
@00003134: $ 4 <= 00000000
@00003138: $ 0 <= 000010bf
@0000313c: $ 2 <= f2f50000
@00003140: $16 <= a2af0000
@00003148: $16 <= 00000001
@0000314c: $13 <= 059b36f7
@00003150: $ 7 <= b3968a69
@00003154: $ 0 <= 00000000
@00003158: $13 <= ffffffb9
@0000315c: $15 <= 000047a1
@00003160: $ 1 <= 00007eff
@00003168: $ 8 <= 00000016
@00003174: $11 <= fffffffc
@00003178: $ 1 <= 0000bd58
@0000317c: $10 <= 00000000
@00003180: $ 8 <= 00000002
@00003184: *00000004 <= 0177a086
@00003188: $ 0 <= 00000000
@0000318c: $16 <= 279c8cfc
@00003198: $12 <= 0000ea83
@0000319c: $18 <= 279c8cfc
@000031a4: $ 9 <= c45e0000
@00003258: $14 <= 00000000
@0000325c: $ 3 <= 02000000
@00003260: $ 3 <= 00000001
@00003264: $ 8 <= 00000002
@00003268: *00000008 <= 000136f7
@0000326c: $18 <= 00000000
@00003270: *00000004 <= 01770002
@00003274: $ 2 <= 0000000a
$finish called at time : 1655 us : File "E:/Code/CPU_Design/MIPS_CPU/project/project.srcs/sources_1/imports/src/MIPS.sv" Line 147
# exit
INFO: [Common 17-206] Exiting Vivado at Mon Jan  5 21:41:21 2026...
